Dhananjay@ADMINRG-SG2PL83 MINGW64 ~
$ cd c:

Dhananjay@ADMINRG-SG2PL83 MINGW64 /c
$ cd C:\git

Dhananjay@ADMINRG-SG2PL83 MINGW64 /c/git
$ git config --global user.name "dhananjay4allprogramming"

Dhananjay@ADMINRG-SG2PL83 MINGW64 /c/git
$ git config --global user.email dhananjay0292@gmail.com

Dhananjay@ADMINRG-SG2PL83 MINGW64 /c/git
$ git clone https://github.com/dhananjay4allprogramming/test.git
Cloning into 'test'...
remote: Counting objects: 3, done.
remote: Total 3 (delta 0), reused 0 (delta 0), pack-reused 0
Unpacking objects: 100% (3/3), done.

Dhananjay@ADMINRG-SG2PL83 MINGW64 /c/git
$ cd test

Dhananjay@ADMINRG-SG2PL83 MINGW64 /c/git/test (master)
$ ls
README.md

Dhananjay@ADMINRG-SG2PL83 MINGW64 /c/git/test (master)
$ ls
 README.md  'test file only.txt'

Dhananjay@ADMINRG-SG2PL83 MINGW64 /c/git/test (master)
$ git add test file only.txt
fatal: pathspec 'test' did not match any files

Dhananjay@ADMINRG-SG2PL83 MINGW64 /c/git/test (master)
$ git add test file only
fatal: pathspec 'test' did not match any files

Dhananjay@ADMINRG-SG2PL83 MINGW64 /c/git/test (master)
$ git add test.txt

Dhananjay@ADMINRG-SG2PL83 MINGW64 /c/git/test (master)
$ git status
On branch master
Your branch is up-to-date with 'origin/master'.

Changes to be committed:
  (use "git reset HEAD <file>..." to unstage)

        new file:   test.txt


Dhananjay@ADMINRG-SG2PL83 MINGW64 /c/git/test (master)
$ git commit -m "first commit" test.txt
[master c383465] first commit
 1 file changed, 1 insertion(+)
 create mode 100644 test.txt

Dhananjay@ADMINRG-SG2PL83 MINGW64 /c/git/test (master)
$ git push -u origin master
dCounting objects: 3, done.
Delta compression using up to 4 threads.
Compressing objects: 100% (2/2), done.
Writing objects: 100% (3/3), 302 bytes | 151.00 KiB/s, done.
Total 3 (delta 0), reused 0 (delta 0)
To https://github.com/dhananjay4allprogramming/test.git
   b27bb67..c383465  master -> master
Branch master set up to track remote branch master from origin.

Dhananjay@ADMINRG-SG2PL83 MINGW64 /c/git/test (master)
$ git status
On branch master
Your branch is up-to-date with 'origin/master'.

Changes not staged for commit:
  (use "git add <file>..." to update what will be committed)
  (use "git checkout -- <file>..." to discard changes in working directory)

        modified:   test.txt

no changes added to commit (use "git add" and/or "git commit -a")

Dhananjay@ADMINRG-SG2PL83 MINGW64 /c/git/test (master)
$ git commit -m "second commit" test.txt
[master d42afc4] second commit
 1 file changed, 1 insertion(+), 1 deletion(-)

Dhananjay@ADMINRG-SG2PL83 MINGW64 /c/git/test (master)
$ git push -u origin master
Counting objects: 3, done.
Delta compression using up to 4 threads.
Compressing objects: 100% (2/2), done.
Writing objects: 100% (3/3), 312 bytes | 78.00 KiB/s, done.
Total 3 (delta 0), reused 0 (delta 0)
To https://github.com/dhananjay4allprogramming/test.git
   c383465..d42afc4  master -> master
Branch master set up to track remote branch master from origin.

Dhananjay@ADMINRG-SG2PL83 MINGW64 /c/git/test (master)
$
